[amovie.gozha.net/index.html]
[backblue.gif]
[fade.gif]
[index.html]
[netdna.bootstrapcdn.com/font-awesome/4.0.3/css/font-awesome.css]
[amovie.gozha.net/css/gozha-nav.css]
[amovie.gozha.net/rs-plugin/css/settings.css]
[amovie.gozha.net/images/banners/bra.jpg]
[amovie.gozha.net/css/style3860.css]
[amovie.gozha.net/images/logo.png]
[amovie.gozha.net/js/external/modernizr.custom.js]
[amovie.gozha.net/index-2.html]
[amovie.gozha.net/movie-page-left.html]
[amovie.gozha.net/movie-page-full.html]
[amovie.gozha.net/movie-page-right.html]
[amovie.gozha.net/movie-list-right.html]
[amovie.gozha.net/movie-list-left.html]
[amovie.gozha.net/movie-list-full.html]
[amovie.gozha.net/single-cinema.html]
[amovie.gozha.net/cinema-list.html]
[amovie.gozha.net/trailer.html]
[amovie.gozha.net/rates-left.html]
[amovie.gozha.net/rates-right.html]
[amovie.gozha.net/rates-full.html]
[amovie.gozha.net/offers.html]
[amovie.gozha.net/contact.html]
[amovie.gozha.net/coming-soon.html]
[amovie.gozha.net/login.html]
[amovie.gozha.net/page-elements.html]
[amovie.gozha.net/typography.html]
[amovie.gozha.net/column.html]
[amovie.gozha.net/icon-font.html]
[amovie.gozha.net/book1.html]
[amovie.gozha.net/book2.html]
[amovie.gozha.net/book3-buy.html]
[amovie.gozha.net/book3-reserve.html]
[amovie.gozha.net/book-final.html]
[amovie.gozha.net/gallery-four.html]
[amovie.gozha.net/gallery-three.html]
[amovie.gozha.net/gallery-two.html]
[amovie.gozha.net/news-left.html]
[amovie.gozha.net/news-right.html]
[amovie.gozha.net/news-full.html]
[amovie.gozha.net/single-page-left.html]
[amovie.gozha.net/single-page-right.html]
[amovie.gozha.net/images/client-photo/auth.png]
[amovie.gozha.net/single-page-full.html]
[amovie.gozha.net/images/slides/first-slide.jpg]
[amovie.gozha.net/images/bg-video.jpg]
[amovie.gozha.net/video/TravelIs.mp4]
[amovie.gozha.net/video/TravelIs.webm]
[amovie.gozha.net/video/TravelIs.ogv]
[amovie.gozha.net/images/slides/next-slide.jpg]
[amovie.gozha.net/images/movie/movie-sample1.jpg]
[amovie.gozha.net/images/movie/movie-sample2.jpg]
[amovie.gozha.net/images/movie/movie-sample3.jpg]
[amovie.gozha.net/images/movie/movie-sample4.jpg]
[amovie.gozha.net/images/movie/movie-sample5.jpg]
[amovie.gozha.net/images/movie/movie-sample6.jpg]
[amovie.gozha.net/images/movie/movie-time8.jpg]
[amovie.gozha.net/images/movie/movie-time9.jpg]
[amovie.gozha.net/images/movie/movie-time10.jpg]
[amovie.gozha.net/images/movie/movie-time11.jpg]
[amovie.gozha.net/images/movie/movie-time12.jpg]
[amovie.gozha.net/images/movie/movie-time13.jpg]
[amovie.gozha.net/images/movie/movie-time14.jpg]
[amovie.gozha.net/images/banners/sale.jpg]
[amovie.gozha.net/images/banners/sport.jpg]
[amovie.gozha.net/images/banners/boots.jpg]
[amovie.gozha.net/images/apple-store.svg]
[amovie.gozha.net/images/google-play.svg]
[amovie.gozha.net/images/windows-store.svg]
[amovie.gozha.net/images/client-photo/post-thor.jpg]
[amovie.gozha.net/images/client-photo/post-annual.jpg]
[amovie.gozha.net/images/client-photo/post-awards.jpg]
[ajax.googleapis.com/ajax/libs/jquery/1.10.1/jquery.min.js]
[amovie.gozha.net/js/external/jquery-1.10.1.min.js]
[amovie.gozha.net/js/external/jquery-migrate-1.2.1.min.js]
[netdna.bootstrapcdn.com/bootstrap/3.0.2/js/bootstrap.min.js]
[amovie.gozha.net/rs-plugin/js/jquery.themepunch.plugins.min.js]
[amovie.gozha.net/rs-plugin/js/jquery.themepunch.revolution.min.js]
[amovie.gozha.net/js/jquery.mobile.menu.js]
[amovie.gozha.net/js/external/jquery.selectbox-0.2.min.js]
[amovie.gozha.net/js/external/jquery.raty.js]
[amovie.gozha.net/js/external/form-element.js]
[amovie.gozha.net/js/form.js]
[amovie.gozha.net/js/external/twitterfeed.js]
[amovie.gozha.net/js/custom.js]
[amovie.gozha.net/index.html]
[netdna.bootstrapcdn.com/font-awesome/4.0.3/css/font-awesome.css]
[amovie.gozha.net/images/close-open-menu-icon.png]
[amovie.gozha.net/images/components/plus-minus-icon.png]
[amovie.gozha.net/css/gozha-nav.css]
[amovie.gozha.net/css/img/select-icons.png]
[amovie.gozha.net/css/external/jquery.selectbox.css]
[amovie.gozha.net/rs-plugin/images/gradient/g30.png]
[amovie.gozha.net/rs-plugin/images/gradient/g40.png]
[amovie.gozha.net/rs-plugin/assets/shadow1.png]
[amovie.gozha.net/rs-plugin/assets/shadow2.png]
[amovie.gozha.net/rs-plugin/assets/shadow3.png]
[amovie.gozha.net/rs-plugin/assets/gridtile.png]
[amovie.gozha.net/rs-plugin/assets/gridtile_white.png]
[amovie.gozha.net/rs-plugin/assets/gridtile_3x3.png]
[amovie.gozha.net/rs-plugin/assets/gridtile_3x3_white.png]
[amovie.gozha.net/rs-plugin/assets/boxed_bgtile.png]
[amovie.gozha.net/rs-plugin/assets/navigdots_bgtile.png]
[amovie.gozha.net/rs-plugin/assets/bullet.png]
[amovie.gozha.net/rs-plugin/assets/bullets.png]
[amovie.gozha.net/rs-plugin/assets/bullets2.png]
[amovie.gozha.net/rs-plugin/assets/bullet_boxed.png]
[amovie.gozha.net/rs-plugin/assets/navigdots.png]
[amovie.gozha.net/rs-plugin/assets/large_left.png]
[amovie.gozha.net/rs-plugin/assets/large_right.png]
[amovie.gozha.net/rs-plugin/assets/small_left.png]
[amovie.gozha.net/rs-plugin/assets/small_right.png]
[amovie.gozha.net/rs-plugin/assets/arrow_left.png]
[amovie.gozha.net/rs-plugin/assets/arrow_right.png]
[amovie.gozha.net/rs-plugin/assets/small_left_boxed.png]
[amovie.gozha.net/rs-plugin/assets/small_right_boxed.png]
[amovie.gozha.net/rs-plugin/assets/arrowleft.png]
[amovie.gozha.net/rs-plugin/assets/arrowright.png]
[amovie.gozha.net/rs-plugin/assets/arrow_left2.png]
[amovie.gozha.net/rs-plugin/assets/arrow_right2.png]
[amovie.gozha.net/rs-plugin/assets/timer.png]
[amovie.gozha.net/rs-plugin/assets/coloredbg.png]
[amovie.gozha.net/rs-plugin/assets/loader.gif]
[amovie.gozha.net/rs-plugin/font/revicons90c6.eot]
[amovie.gozha.net/rs-plugin/font/revicons90c6.woff]
[amovie.gozha.net/rs-plugin/font/revicons90c6.ttf]
[amovie.gozha.net/rs-plugin/font/revicons90c6.svg]
[amovie.gozha.net/rs-plugin/css/settings.css]
[amovie.gozha.net/fonts/aleo-regular.eot]
[amovie.gozha.net/fonts/aleo-regulard41d.eot]
[amovie.gozha.net/fonts/aleo-regular.woff]
[amovie.gozha.net/fonts/aleo-regular.ttf]
[amovie.gozha.net/fonts/aleo-regular.svg]
[amovie.gozha.net/fonts/aleo-bold.eot]
[amovie.gozha.net/fonts/aleo-boldd41d.eot]
[amovie.gozha.net/fonts/aleo-bold.woff]
[amovie.gozha.net/fonts/aleo-bold.ttf]
[amovie.gozha.net/fonts/aleo-bold.svg]
[amovie.gozha.net/fonts/aleo-italic.eot]
[amovie.gozha.net/fonts/aleo-italicd41d.eot]
[amovie.gozha.net/fonts/aleo-italic.woff]
[amovie.gozha.net/fonts/aleo-italic.ttf]
[amovie.gozha.net/fonts/aleo-italic.svg]
[amovie.gozha.net/fonts/aleo-bolditalic.eot]
[amovie.gozha.net/fonts/aleo-bolditalicd41d.eot]
[amovie.gozha.net/fonts/aleo-bolditalic.woff]
[amovie.gozha.net/fonts/aleo-bolditalic.ttf]
[amovie.gozha.net/fonts/aleo-bolditalic.svg]
[amovie.gozha.net/fonts/MuseoSans_500-webfont.eot]
[amovie.gozha.net/fonts/MuseoSans_500-webfontd41d.eot]
[amovie.gozha.net/fonts/MuseoSans_500-webfont.woff]
[amovie.gozha.net/fonts/MuseoSans_500-webfont.ttf]
[amovie.gozha.net/fonts/MuseoSans_500-webfont.svg]
[amovie.gozha.net/images/bg-image.jpg]
[amovie.gozha.net/images/components/price-pattern.jpg]
[amovie.gozha.net/images/components/scarf.png]
[amovie.gozha.net/images/components/line-marker.png]
[amovie.gozha.net/images/components/corner-left.png]
[amovie.gozha.net/images/components/corner-right.png]
[amovie.gozha.net/images/components/bg-movie.png]
[amovie.gozha.net/images/components/bg-time.png]
[amovie.gozha.net/images/components/bg-time-hover.png]
[amovie.gozha.net/images/rate/star-off.svg]
[amovie.gozha.net/images/components/cursor.png]
[amovie.gozha.net/images/icons/stars-light.svg]
[amovie.gozha.net/images/icons/stars.svg]
[amovie.gozha.net/images/icons/actors.svg]
[amovie.gozha.net/images/components/checked.png]
[amovie.gozha.net/images/icons/snow-dark.svg]
[amovie.gozha.net/images/icons/users-dark.svg]
[amovie.gozha.net/images/icons/snow-light.svg]
[amovie.gozha.net/images/icons/users-light.svg]
[amovie.gozha.net/css/style3860.css]
[amovie.gozha.net/index-2.html]
[code.jquery.com/ui/1.10.4/themes/smoothness/jquery-ui.css]
[amovie.gozha.net/css/external/idangerous.swiper.css]
[amovie.gozha.net/css/external/magnific-popup.css]
[amovie.gozha.net/images/movie/single-movie.jpg]
[amovie.gozha.net/images/movie/movie-video1.jpg]
[amovie.gozha.net/images/movie/movie-video2.jpg]
[amovie.gozha.net/images/movie/movie-img1-lg.jpg]
[amovie.gozha.net/images/movie/movie-img1.jpg]
[amovie.gozha.net/images/movie/movie-img2-lg.jpg]
[amovie.gozha.net/images/movie/movie-img2.jpg]
[amovie.gozha.net/images/gallery/large/item-7.jpg]
[amovie.gozha.net/images/movie/movie-img3.jpg]
[amovie.gozha.net/images/gallery/large/item-11.jpg]
[amovie.gozha.net/images/movie/movie-img4.jpg]
[amovie.gozha.net/images/gallery/large/item-15.jpg]
[amovie.gozha.net/images/movie/movie-img5.jpg]
[amovie.gozha.net/images/gallery/large/item-16.jpg]
[amovie.gozha.net/images/movie/movie-img6.jpg]
[amovie.gozha.net/images/comment/avatar.jpg]
[amovie.gozha.net/images/comment/avatar-olia.jpg]
[amovie.gozha.net/images/comment/avatar-dmitriy.jpg]
[amovie.gozha.net/images/comment/avatar-sia.jpg]
[code.jquery.com/ui/1.10.4/jquery-ui.js]
[amovie.gozha.net/js/external/idangerous.swiper.min.js]
[amovie.gozha.net/js/external/jquery.magnific-popup.min.js]
[amovie.gozha.net/js/external/infobox.js]
[s7.addthis.com/js/300/addthis_widget.js]
[amovie.gozha.net/movie-page-left.html]
[amovie.gozha.net/movie-page-right.html]
[amovie.gozha.net/movie-page-full.html]
[amovie.gozha.net/images/movie/movie-sample7.jpg]
[amovie.gozha.net/images/movie/movie-sample8.jpg]
[amovie.gozha.net/images/movie/movie-sample9.jpg]
[amovie.gozha.net/images/movie/movie-sample10.jpg]
[amovie.gozha.net/movie-list-left.html]
[amovie.gozha.net/movie-list-right.html]
[amovie.gozha.net/movie-list-full.html]
[amovie.gozha.net/images/cinema/cinema-inner1.jpg]
[amovie.gozha.net/images/cinema/cinema-inner2.jpg]
[amovie.gozha.net/images/cinema/cinema-inner3.jpg]
[amovie.gozha.net/images/cinema/cinema-inner4.jpg]
[amovie.gozha.net/images/cinema/cinema-inner5.jpg]
[amovie.gozha.net/images/cinema/cinema-inner6.jpg]
[amovie.gozha.net/images/cinema/cinema-inner7.jpg]
[amovie.gozha.net/images/cinema/cinema-inner8.jpg]
[amovie.gozha.net/images/cinema/cinema-inner9.jpg]
[amovie.gozha.net/images/movie/movie-time2.jpg]
[amovie.gozha.net/images/movie/movie-time3.jpg]
[amovie.gozha.net/images/movie/movie-time4.jpg]
[amovie.gozha.net/images/movie/movie-time5.jpg]
[amovie.gozha.net/images/movie/movie-time6.jpg]
[amovie.gozha.net/images/movie/movie-time7.jpg]
[amovie.gozha.net/single-cinema.html]
[amovie.gozha.net/images/cinema/cinema1.jpg]
[amovie.gozha.net/images/cinema/cinema2.jpg]
[amovie.gozha.net/images/cinema/cinema3.jpg]
[amovie.gozha.net/images/cinema/cinema4.jpg]
[amovie.gozha.net/images/banners/film.jpg]
[amovie.gozha.net/images/cinema/cinema5.jpg]
[amovie.gozha.net/images/cinema/cinema6.jpg]
[amovie.gozha.net/images/cinema/cinema7.jpg]
[amovie.gozha.net/images/cinema/cinema8.jpg]
[amovie.gozha.net/images/cinema/cinema9.jpg]
[amovie.gozha.net/images/cinema/cinema10.jpg]
[amovie.gozha.net/images/cinema/cinema11.jpg]
[amovie.gozha.net/images/cinema/cinema12.jpg]
[amovie.gozha.net/cinema-list.html]
[amovie.gozha.net/images/trailers/trailer-1.jpg]
[amovie.gozha.net/images/trailers/trailer-2.jpg]
[amovie.gozha.net/images/trailers/trailer-3.jpg]
[amovie.gozha.net/images/trailers/trailer-4.jpg]
[amovie.gozha.net/images/trailers/trailer-5.jpg]
[amovie.gozha.net/images/trailers/trailer-6.jpg]
[amovie.gozha.net/images/trailers/trailer-7.jpg]
[amovie.gozha.net/images/trailers/trailer-8.jpg]
[amovie.gozha.net/images/trailers/trailer-9.jpg]
[amovie.gozha.net/images/trailers/trailer-10.jpg]
[amovie.gozha.net/images/trailers/trailer-11.jpg]
[amovie.gozha.net/images/trailers/trailer-12.jpg]
[amovie.gozha.net/images/trailers/trailer-14.jpg]
[amovie.gozha.net/trailer.html]
[amovie.gozha.net/rates-left.html]
[amovie.gozha.net/rates-right.html]
[amovie.gozha.net/rates-full.html]
[amovie.gozha.net/offers.html]
[amovie.gozha.net/contact.html]
[amovie.gozha.net/images/logo-dark.png]
[amovie.gozha.net/images/error.png]
[amovie.gozha.net/404.html]
[amovie.gozha.net/images/logo-lg.png]
[amovie.gozha.net/js/external/jquery.knob.js]
[amovie.gozha.net/js/external/count.down.js]
[amovie.gozha.net/coming-soon.html]
[amovie.gozha.net/login.html]
[amovie.gozha.net/images/tickets.png]
[amovie.gozha.net/images/client-photo/thumb1.jpg]
[amovie.gozha.net/images/client-photo/client1.jpg]
[amovie.gozha.net/js/external/jquery.inview.js]
[amovie.gozha.net/page-elements.html]
[amovie.gozha.net/typography.html]
[amovie.gozha.net/column.html]
[amovie.gozha.net/icon-font.html]
[amovie.gozha.net/book1.html]
[amovie.gozha.net/images/components/sits_mobile.png]
[amovie.gozha.net/book2.html]
[amovie.gozha.net/images/payment/pay1.png]
[amovie.gozha.net/images/payment/pay2.png]
[amovie.gozha.net/images/payment/pay3.png]
[amovie.gozha.net/images/payment/pay4.png]
[amovie.gozha.net/images/payment/pay5.png]
[amovie.gozha.net/images/payment/pay6.png]
[amovie.gozha.net/images/payment/pay7.png]
[amovie.gozha.net/book3-buy.html]
[amovie.gozha.net/book3-reserve.html]
[amovie.gozha.net/book-final.html]
[amovie.gozha.net/images/gallery/large/item-1.jpg]
[amovie.gozha.net/images/gallery/thumb/item-1.jpg]
[amovie.gozha.net/images/gallery/large/item-2.jpg]
[amovie.gozha.net/images/gallery/thumb/item-2.jpg]
[amovie.gozha.net/images/gallery/large/item-3.jpg]
[amovie.gozha.net/images/gallery/thumb/item-3.jpg]
[amovie.gozha.net/images/gallery/thumb/item-4.jpg]
[amovie.gozha.net/images/gallery/large/item-5.jpg]
[amovie.gozha.net/images/gallery/thumb/item-5.jpg]
[amovie.gozha.net/images/gallery/large/item-6.jpg]
[amovie.gozha.net/images/gallery/thumb/item-6.jpg]
[amovie.gozha.net/images/gallery/thumb/item-7.jpg]
[amovie.gozha.net/images/gallery/large/item-8.jpg]
[amovie.gozha.net/images/gallery/thumb/item-8.jpg]
[amovie.gozha.net/images/gallery/large/item-9.jpg]
[amovie.gozha.net/images/gallery/thumb/item-9.jpg]
[amovie.gozha.net/images/gallery/thumb/item-10.jpg]
[amovie.gozha.net/images/gallery/thumb/item-11.jpg]
[amovie.gozha.net/images/gallery/large/item-12.jpg]
[amovie.gozha.net/images/gallery/thumb/item-12.jpg]
[amovie.gozha.net/images/gallery/thumb/item-13.jpg]
[amovie.gozha.net/images/gallery/thumb/item-14.jpg]
[amovie.gozha.net/images/gallery/thumb/item-15.jpg]
[amovie.gozha.net/images/gallery/thumb/item-16.jpg]
[amovie.gozha.net/gallery-four.html]
[amovie.gozha.net/gallery-three.html]
[amovie.gozha.net/gallery-two.html]
[amovie.gozha.net/images/client-photo/single-post.jpg]
[amovie.gozha.net/images/new/news-1.jpg]
[amovie.gozha.net/images/new/news-2.jpg]
[amovie.gozha.net/images/new/news-3.jpg]
[amovie.gozha.net/images/new/news-4.jpg]
[amovie.gozha.net/images/new/news-5.jpg]
[amovie.gozha.net/news-left.html]
[amovie.gozha.net/news-right.html]
[amovie.gozha.net/news-full.html]
[amovie.gozha.net/images/client-photo/post-img1.jpg]
[amovie.gozha.net/images/client-photo/post-img2.jpg]
[amovie.gozha.net/single-page-left.html]
[amovie.gozha.net/single-page-right.html]
[amovie.gozha.net/single-page-full.html]
[amovie.gozha.net/video/TravelIs.mp4]
[amovie.gozha.net/images/movie/movie-time1.jpg]
[amovie.gozha.net/video/TravelIs.webm]
[amovie.gozha.net/video/TravelIs.ogv]
[amovie.gozha.net/images/apple-store.svg]
[amovie.gozha.net/images/google-play.svg]
[amovie.gozha.net/images/windows-store.svg]
[amovie.gozha.net/rs-plugin/font/revicons90c6.svg]
[amovie.gozha.net/fonts/aleo-regular.svg]
[amovie.gozha.net/fonts/aleo-bold.svg]
[amovie.gozha.net/fonts/aleo-italic.svg]
[amovie.gozha.net/fonts/aleo-bolditalic.svg]
[amovie.gozha.net/fonts/MuseoSans_500-webfont.svg]
[amovie.gozha.net/images/components/wave-dark.svg]
[amovie.gozha.net/images/components/arrow.svg]
[amovie.gozha.net/images/components/wave.svg]
[amovie.gozha.net/images/components/wave-hover.svg]
[amovie.gozha.net/images/icons/left-arrow.svg]
[amovie.gozha.net/images/icons/right-arrow.svg]
[amovie.gozha.net/images/components/wave-light-sm.svg]
[amovie.gozha.net/images/components/wave-danger.svg]
[amovie.gozha.net/images/components/wave-main.svg]
[amovie.gozha.net/images/icons/sm-left-arrow.svg]
[amovie.gozha.net/images/icons/sm-left-arrow-hover.svg]
[amovie.gozha.net/images/icons/sm-right-arrow.svg]
[amovie.gozha.net/images/icons/sm-right-arrow-hover.svg]
[amovie.gozha.net/images/icons/left-arrow-dark.svg]
[amovie.gozha.net/images/icons/left-arrow-danger.svg]
[amovie.gozha.net/images/icons/right-arrow-dark.svg]
[amovie.gozha.net/images/icons/right-arrow-danger.svg]
[amovie.gozha.net/images/rate/star-off.svg]
[amovie.gozha.net/images/components/wave-light.svg]
[amovie.gozha.net/images/icons/speech.svg]
[amovie.gozha.net/images/icons/stroke.svg]
[amovie.gozha.net/images/icons/stars-light.svg]
[amovie.gozha.net/images/icons/stars.svg]
[amovie.gozha.net/images/icons/mause.svg]
[amovie.gozha.net/images/icons/location.svg]
[amovie.gozha.net/images/icons/camera.svg]
[amovie.gozha.net/images/icons/fiml.svg]
[amovie.gozha.net/images/icons/actors.svg]
[amovie.gozha.net/images/icons/director.svg]
[amovie.gozha.net/images/icons/country.svg]
[amovie.gozha.net/images/icons/reply.svg]
[amovie.gozha.net/images/icons/reply-hover.svg]
[amovie.gozha.net/images/icons/retweet.svg]
[amovie.gozha.net/images/icons/retweet-hover.svg]
[amovie.gozha.net/images/icons/fave.svg]
[amovie.gozha.net/images/icons/fave-hover.svg]
[amovie.gozha.net/images/icons/heart.svg]
[amovie.gozha.net/images/icons/comment.svg]
[amovie.gozha.net/images/icons/film.svg]
[amovie.gozha.net/images/icons/snow-dark.svg]
[amovie.gozha.net/images/icons/users-dark.svg]
[amovie.gozha.net/images/icons/wizard-dark.svg]
[amovie.gozha.net/images/icons/smile-dark.svg]
[amovie.gozha.net/images/icons/gift-dark.svg]
[amovie.gozha.net/images/icons/snow-light.svg]
[amovie.gozha.net/images/icons/users-light.svg]
[amovie.gozha.net/images/icons/wizard-light.svg]
[amovie.gozha.net/images/icons/smile-light.svg]
[amovie.gozha.net/images/icons/gift-light.svg]
[code.jquery.com/ui/1.10.4/themes/smoothness/images/animated-overlay.gif]
[code.jquery.com/ui/1.10.4/themes/smoothness/images/ui-bg_flat_75_ffffff_40x100.png]
[code.jquery.com/ui/1.10.4/themes/smoothness/images/ui-bg_highlight-soft_75_cccccc_1x100.png]
[code.jquery.com/ui/1.10.4/themes/smoothness/images/ui-bg_glass_75_e6e6e6_1x400.png]
[code.jquery.com/ui/1.10.4/themes/smoothness/images/ui-bg_glass_75_dadada_1x400.png]
[code.jquery.com/ui/1.10.4/themes/smoothness/images/ui-bg_glass_65_ffffff_1x400.png]
[code.jquery.com/ui/1.10.4/themes/smoothness/images/ui-bg_glass_55_fbf9ee_1x400.png]
[code.jquery.com/ui/1.10.4/themes/smoothness/images/ui-bg_glass_95_fef1ec_1x400.png]
[code.jquery.com/ui/1.10.4/themes/smoothness/images/ui-icons_222222_256x240.png]
[code.jquery.com/ui/1.10.4/themes/smoothness/images/ui-icons_888888_256x240.png]
[code.jquery.com/ui/1.10.4/themes/smoothness/images/ui-icons_454545_256x240.png]
[code.jquery.com/ui/1.10.4/themes/smoothness/images/ui-icons_2e83ff_256x240.png]
[code.jquery.com/ui/1.10.4/themes/smoothness/images/ui-icons_cd0a0a_256x240.png]
[code.jquery.com/ui/1.10.4/themes/smoothness/images/ui-bg_flat_0_aaaaaa_40x100.png]
[code.jquery.com/ui/1.10.4/themes/smoothness/jquery-ui.css]
[amovie.gozha.net/css/external/idangerous.swiper.css]
[amovie.gozha.net/css/external/magnific-popup.css]
[amovie.gozha.net/images/trailers/trailer-13.jpg]
[amovie.gozha.net/images/gallery/large/item-13.jpg]
[amovie.gozha.net/video/TravelIs.mp4]
[amovie.gozha.net/video/TravelIs.webm]
[amovie.gozha.net/video/TravelIs.ogv]
